Archive member included because of file (symbol)

c:/program files (x86)/atmel/atmel studio 6.0/extensions/atmel/avrgcc/3.4.1.95/avrtoolchain/bin/../lib/gcc/avr/4.6.2/../../../../avr/lib/avr5\libm.a(divsf3.o)
                              MCAL/PWM/PWM.o (__divsf3)
c:/program files (x86)/atmel/atmel studio 6.0/extensions/atmel/avrgcc/3.4.1.95/avrtoolchain/bin/../lib/gcc/avr/4.6.2/../../../../avr/lib/avr5\libm.a(divsf3x.o)
                              c:/program files (x86)/atmel/atmel studio 6.0/extensions/atmel/avrgcc/3.4.1.95/avrtoolchain/bin/../lib/gcc/avr/4.6.2/../../../../avr/lib/avr5\libm.a(divsf3.o) (__divsf3x)
c:/program files (x86)/atmel/atmel studio 6.0/extensions/atmel/avrgcc/3.4.1.95/avrtoolchain/bin/../lib/gcc/avr/4.6.2/../../../../avr/lib/avr5\libm.a(fixunssfsi.o)
                              MCAL/PWM/PWM.o (__fixunssfsi)
c:/program files (x86)/atmel/atmel studio 6.0/extensions/atmel/avrgcc/3.4.1.95/avrtoolchain/bin/../lib/gcc/avr/4.6.2/../../../../avr/lib/avr5\libm.a(floatsisf.o)
                              MCAL/PWM/PWM.o (__floatunsisf)
c:/program files (x86)/atmel/atmel studio 6.0/extensions/atmel/avrgcc/3.4.1.95/avrtoolchain/bin/../lib/gcc/avr/4.6.2/../../../../avr/lib/avr5\libm.a(fp_inf.o)
                              c:/program files (x86)/atmel/atmel studio 6.0/extensions/atmel/avrgcc/3.4.1.95/avrtoolchain/bin/../lib/gcc/avr/4.6.2/../../../../avr/lib/avr5\libm.a(divsf3x.o) (__fp_inf)
c:/program files (x86)/atmel/atmel studio 6.0/extensions/atmel/avrgcc/3.4.1.95/avrtoolchain/bin/../lib/gcc/avr/4.6.2/../../../../avr/lib/avr5\libm.a(fp_nan.o)
                              c:/program files (x86)/atmel/atmel studio 6.0/extensions/atmel/avrgcc/3.4.1.95/avrtoolchain/bin/../lib/gcc/avr/4.6.2/../../../../avr/lib/avr5\libm.a(divsf3x.o) (__fp_nan)
c:/program files (x86)/atmel/atmel studio 6.0/extensions/atmel/avrgcc/3.4.1.95/avrtoolchain/bin/../lib/gcc/avr/4.6.2/../../../../avr/lib/avr5\libm.a(fp_pscA.o)
                              c:/program files (x86)/atmel/atmel studio 6.0/extensions/atmel/avrgcc/3.4.1.95/avrtoolchain/bin/../lib/gcc/avr/4.6.2/../../../../avr/lib/avr5\libm.a(divsf3x.o) (__fp_pscA)
c:/program files (x86)/atmel/atmel studio 6.0/extensions/atmel/avrgcc/3.4.1.95/avrtoolchain/bin/../lib/gcc/avr/4.6.2/../../../../avr/lib/avr5\libm.a(fp_pscB.o)
                              c:/program files (x86)/atmel/atmel studio 6.0/extensions/atmel/avrgcc/3.4.1.95/avrtoolchain/bin/../lib/gcc/avr/4.6.2/../../../../avr/lib/avr5\libm.a(divsf3x.o) (__fp_pscB)
c:/program files (x86)/atmel/atmel studio 6.0/extensions/atmel/avrgcc/3.4.1.95/avrtoolchain/bin/../lib/gcc/avr/4.6.2/../../../../avr/lib/avr5\libm.a(fp_round.o)
                              c:/program files (x86)/atmel/atmel studio 6.0/extensions/atmel/avrgcc/3.4.1.95/avrtoolchain/bin/../lib/gcc/avr/4.6.2/../../../../avr/lib/avr5\libm.a(divsf3.o) (__fp_round)
c:/program files (x86)/atmel/atmel studio 6.0/extensions/atmel/avrgcc/3.4.1.95/avrtoolchain/bin/../lib/gcc/avr/4.6.2/../../../../avr/lib/avr5\libm.a(fp_split3.o)
                              c:/program files (x86)/atmel/atmel studio 6.0/extensions/atmel/avrgcc/3.4.1.95/avrtoolchain/bin/../lib/gcc/avr/4.6.2/../../../../avr/lib/avr5\libm.a(divsf3x.o) (__fp_split3)
c:/program files (x86)/atmel/atmel studio 6.0/extensions/atmel/avrgcc/3.4.1.95/avrtoolchain/bin/../lib/gcc/avr/4.6.2/../../../../avr/lib/avr5\libm.a(fp_zero.o)
                              c:/program files (x86)/atmel/atmel studio 6.0/extensions/atmel/avrgcc/3.4.1.95/avrtoolchain/bin/../lib/gcc/avr/4.6.2/../../../../avr/lib/avr5\libm.a(fixunssfsi.o) (__fp_zero)
c:/program files (x86)/atmel/atmel studio 6.0/extensions/atmel/avrgcc/3.4.1.95/avrtoolchain/bin/../lib/gcc/avr/4.6.2/../../../../avr/lib/avr5\libm.a(mulsf3.o)
                              MCAL/PWM/PWM.o (__mulsf3)
c:/program files (x86)/atmel/atmel studio 6.0/extensions/atmel/avrgcc/3.4.1.95/avrtoolchain/bin/../lib/gcc/avr/4.6.2/../../../../avr/lib/avr5\libm.a(mulsf3x.o)
                              c:/program files (x86)/atmel/atmel studio 6.0/extensions/atmel/avrgcc/3.4.1.95/avrtoolchain/bin/../lib/gcc/avr/4.6.2/../../../../avr/lib/avr5\libm.a(mulsf3.o) (__mulsf3x)
c:/program files (x86)/atmel/atmel studio 6.0/extensions/atmel/avrgcc/3.4.1.95/avrtoolchain/bin/../lib/gcc/avr/4.6.2/avr5\libgcc.a(_udivmodsi4.o)
                              ECUAL/LCD/LCD.o (__udivmodsi4)
c:/program files (x86)/atmel/atmel studio 6.0/extensions/atmel/avrgcc/3.4.1.95/avrtoolchain/bin/../lib/gcc/avr/4.6.2/avr5\libgcc.a(_exit.o)
                              c:/program files (x86)/atmel/atmel studio 6.0/extensions/atmel/avrgcc/3.4.1.95/avrtoolchain/bin/../lib/gcc/avr/4.6.2/../../../../avr/lib/avr5/crtm32a.o (exit)
c:/program files (x86)/atmel/atmel studio 6.0/extensions/atmel/avrgcc/3.4.1.95/avrtoolchain/bin/../lib/gcc/avr/4.6.2/avr5\libgcc.a(_copy_data.o)
                              AAL/car_sm/car_sm.o (__do_copy_data)
c:/program files (x86)/atmel/atmel studio 6.0/extensions/atmel/avrgcc/3.4.1.95/avrtoolchain/bin/../lib/gcc/avr/4.6.2/avr5\libgcc.a(_clear_bss.o)
                              AAL/car_sm/car_sm.o (__do_clear_bss)
c:/program files (x86)/atmel/atmel studio 6.0/extensions/atmel/avrgcc/3.4.1.95/avrtoolchain/bin/../lib/gcc/avr/4.6.2/../../../../avr/lib/avr5\libc.a(memcpy.o)
                              RTOS/queue.o (memcpy)

Allocating common symbols
Common symbol       size              file

TWI_I2C             0x2               Infrastructure/Intturpts Manger/Interrupts.o
Start_status        0x4               SL/SOS/SOS.o
xCreatedEventGroup  0x2               userStory1.o
USART_RXC           0x2               Infrastructure/Intturpts Manger/Interrupts.o
TIMER2OVF           0x2               Infrastructure/Intturpts Manger/Interrupts.o
SPM_RDY             0x2               Infrastructure/Intturpts Manger/Interrupts.o
TIMER1COMPB         0x2               Infrastructure/Intturpts Manger/Interrupts.o
Buffer_Array        0x20              SL/SOS/SOS.o
TIMER1COMPA         0x2               Infrastructure/Intturpts Manger/Interrupts.o
SPI_STC             0x2               Infrastructure/Intturpts Manger/Interrupts.o
ANA_COMP            0x2               Infrastructure/Intturpts Manger/Interrupts.o
ADC_INT             0x2               Infrastructure/Intturpts Manger/Interrupts.o
EE_RDY              0x2               Infrastructure/Intturpts Manger/Interrupts.o
gu8_SharedString    0x64              userStory1.o
INT0_external_interrupt
                    0x2               Infrastructure/Intturpts Manger/Interrupts.o
USART_TXC           0x2               Infrastructure/Intturpts Manger/Interrupts.o
TIMER0COMP          0x2               Infrastructure/Intturpts Manger/Interrupts.o
USART_UDRE          0x2               Infrastructure/Intturpts Manger/Interrupts.o
INT1_external_interrupt
                    0x2               Infrastructure/Intturpts Manger/Interrupts.o
start               0x8               SL/SOS/SOS.o
TIMER1CAPT          0x2               Infrastructure/Intturpts Manger/Interrupts.o
TIMER1OVF           0x2               Infrastructure/Intturpts Manger/Interrupts.o
TIMER2COMP          0x2               Infrastructure/Intturpts Manger/Interrupts.o

Memory Configuration

Name             Origin             Length             Attributes
text             0x00000000         0x00020000         xr
data             0x00800060         0x0000ffa0         rw !x
eeprom           0x00810000         0x00010000         rw !x
fuse             0x00820000         0x00000400         rw !x
lock             0x00830000         0x00000400         rw !x
signature        0x00840000         0x00000400         rw !x
*default*        0x00000000         0xffffffff

Linker script and memory map

LOAD c:/program files (x86)/atmel/atmel studio 6.0/extensions/atmel/avrgcc/3.4.1.95/avrtoolchain/bin/../lib/gcc/avr/4.6.2/../../../../avr/lib/avr5/crtm32a.o
LOAD AAL/car_sm/car_sm.o
LOAD AAL/Steering/Steering.o
LOAD ECUAL/LCD/LCD.o
LOAD ECUAL/Motor/Motor.o
LOAD ECUAL/Motor/Motor_Config.o
LOAD ECUAL/SWdelay/softwareDelay.o
LOAD ECUAL/US/US.o
LOAD ECUAL/US/UsConfig.o
LOAD Infrastructure/Intturpts Manger/Interrupts.o
LOAD MCAL/DIO/DIO.o
LOAD MCAL/DIO/DIO_config.o
LOAD MCAL/ICU/ICU.o
LOAD MCAL/ICU/ICU_Config.o
LOAD MCAL/LCD/LCD.o
LOAD MCAL/PushButtons/pushButton.o
LOAD MCAL/PWM/PWM.o
LOAD MCAL/PWM/PWM_Config.o
LOAD MCAL/Timer/timer.o
LOAD MCAL/Timer/Timer_Config.o
LOAD RTOS/croutine.o
LOAD RTOS/event_groups.o
LOAD RTOS/heap_1.o
LOAD RTOS/list.o
LOAD RTOS/port.o
LOAD RTOS/queue.o
LOAD RTOS/stream_buffer.o
LOAD RTOS/tasks.o
LOAD RTOS/timers.o
LOAD SL/SOS/SOS.o
LOAD SL/SOS/SOS_Config.o
LOAD userStory1.o
START GROUP
LOAD c:/program files (x86)/atmel/atmel studio 6.0/extensions/atmel/avrgcc/3.4.1.95/avrtoolchain/bin/../lib/gcc/avr/4.6.2/../../../../avr/lib/avr5\libm.a
END GROUP
LOAD c:/program files (x86)/atmel/atmel studio 6.0/extensions/atmel/avrgcc/3.4.1.95/avrtoolchain/bin/../lib/gcc/avr/4.6.2/avr5\libgcc.a
LOAD c:/program files (x86)/atmel/atmel studio 6.0/extensions/atmel/avrgcc/3.4.1.95/avrtoolchain/bin/../lib/gcc/avr/4.6.2/../../../../avr/lib/avr5\libc.a
LOAD c:/program files (x86)/atmel/atmel studio 6.0/extensions/atmel/avrgcc/3.4.1.95/avrtoolchain/bin/../lib/gcc/avr/4.6.2/avr5\libgcc.a

.hash
 *(.hash)

.dynsym
 *(.dynsym)

.dynstr
 *(.dynstr)

.gnu.version
 *(.gnu.version)

.gnu.version_d
 *(.gnu.version_d)

.gnu.version_r
 *(.gnu.version_r)

.rel.init
 *(.rel.init)

.rela.init
 *(.rela.init)

.rel.text
 *(.rel.text)
 *(.rel.text.*)
 *(.rel.gnu.linkonce.t*)

.rela.text
 *(.rela.text)
 *(.rela.text.*)
 *(.rela.gnu.linkonce.t*)

.rel.fini
 *(.rel.fini)

.rela.fini
 *(.rela.fini)

.rel.rodata
 *(.rel.rodata)
 *(.rel.rodata.*)
 *(.rel.gnu.linkonce.r*)

.rela.rodata
 *(.rela.rodata)
 *(.rela.rodata.*)
 *(.rela.gnu.linkonce.r*)

.rel.data
 *(.rel.data)
 *(.rel.data.*)
 *(.rel.gnu.linkonce.d*)

.rela.data
 *(.rela.data)
 *(.rela.data.*)
 *(.rela.gnu.linkonce.d*)

.rel.ctors
 *(.rel.ctors)

.rela.ctors
 *(.rela.ctors)

.rel.dtors
 *(.rel.dtors)

.rela.dtors
 *(.rela.dtors)

.rel.got
 *(.rel.got)

.rela.got
 *(.rela.got)

.rel.bss
 *(.rel.bss)

.rela.bss
 *(.rela.bss)

.rel.plt
 *(.rel.plt)

.rela.plt
 *(.rela.plt)

.text           0x00000000     0x51e2
 *(.vectors)
 .vectors       0x00000000       0x54 c:/program files (x86)/atmel/atmel studio 6.0/extensions/atmel/avrgcc/3.4.1.95/avrtoolchain/bin/../lib/gcc/avr/4.6.2/../../../../avr/lib/avr5/crtm32a.o
                0x00000000                __vector_default
                0x00000000                __vectors
 *(.vectors)
 *(.progmem.gcc*)
 *(.progmem*)
                0x00000054                . = ALIGN (0x2)
                0x00000054                __trampolines_start = .
 *(.trampolines)
 .trampolines   0x00000054        0x0 linker stubs
 *(.trampolines*)
                0x00000054                __trampolines_end = .
 *(.jumptables)
 *(.jumptables*)
 *(.lowtext)
 *(.lowtext*)
                0x00000054                __ctors_start = .
 *(.ctors)
                0x00000054                __ctors_end = .
                0x00000054                __dtors_start = .
 *(.dtors)
                0x00000054                __dtors_end = .
 SORT(*)(.ctors)
 SORT(*)(.dtors)
 *(.init0)
 .init0         0x00000054        0x0 c:/program files (x86)/atmel/atmel studio 6.0/extensions/atmel/avrgcc/3.4.1.95/avrtoolchain/bin/../lib/gcc/avr/4.6.2/../../../../avr/lib/avr5/crtm32a.o
                0x00000054                __init
 *(.init0)
 *(.init1)
 *(.init1)
 *(.init2)
 .init2         0x00000054        0xc c:/program files (x86)/atmel/atmel studio 6.0/extensions/atmel/avrgcc/3.4.1.95/avrtoolchain/bin/../lib/gcc/avr/4.6.2/../../../../avr/lib/avr5/crtm32a.o
 *(.init2)
 *(.init3)
 *(.init3)
 *(.init4)
 .init4         0x00000060       0x16 c:/program files (x86)/atmel/atmel studio 6.0/extensions/atmel/avrgcc/3.4.1.95/avrtoolchain/bin/../lib/gcc/avr/4.6.2/avr5\libgcc.a(_copy_data.o)
                0x00000060                __do_copy_data
 .init4         0x00000076       0x10 c:/program files (x86)/atmel/atmel studio 6.0/extensions/atmel/avrgcc/3.4.1.95/avrtoolchain/bin/../lib/gcc/avr/4.6.2/avr5\libgcc.a(_clear_bss.o)
                0x00000076                __do_clear_bss
 *(.init4)
 *(.init5)
 *(.init5)
 *(.init6)
 *(.init6)
 *(.init7)
 *(.init7)
 *(.init8)
 *(.init8)
 *(.init9)
 .init9         0x00000086        0x8 c:/program files (x86)/atmel/atmel studio 6.0/extensions/atmel/avrgcc/3.4.1.95/avrtoolchain/bin/../lib/gcc/avr/4.6.2/../../../../avr/lib/avr5/crtm32a.o
 *(.init9)
 *(.text)
 .text          0x0000008e        0x4 c:/program files (x86)/atmel/atmel studio 6.0/extensions/atmel/avrgcc/3.4.1.95/avrtoolchain/bin/../lib/gcc/avr/4.6.2/../../../../avr/lib/avr5/crtm32a.o
                0x0000008e                __bad_interrupt
 .text          0x00000092       0x3c AAL/car_sm/car_sm.o
                0x00000092                Car_SM_Init
                0x0000009e                Car_SM_Update
 .text          0x000000ce       0xa4 AAL/Steering/Steering.o
                0x000000ce                Steering_Init
                0x000000d6                Steering_SteerCar
 .text          0x00000172      0x328 ECUAL/LCD/LCD.o
                0x00000172                LCD_EN_pulse
                0x000001a0                LCD_config_pins
                0x000001aa                LCD_send_nibble
                0x0000021e                LCD_send_char
                0x00000254                LCD_send_command
                0x0000028a                LCD_init
                0x00000312                LCD_clear
                0x0000031a                LCD_send_string
                0x00000338                LCD_goto_xy
                0x00000356                reverse
                0x000003a2                itoa_
 .text          0x0000049a      0x292 ECUAL/Motor/Motor.o
                0x0000049a                Motor_Init
                0x000004f8                Motor_Direction
                0x0000064a                Motor_Start
                0x00000696                Motor_SpeedUpdate
                0x000006f6                Motor_Stop
                0x00000714                Motor_GetStatus
 .text          0x0000072c        0x0 ECUAL/Motor/Motor_Config.o
 .text          0x0000072c       0x42 ECUAL/SWdelay/softwareDelay.o
                0x0000072c                SwDelay_ms
                0x00000758                SwDelay_us
 .text          0x0000076e       0x7a ECUAL/US/US.o
                0x0000076e                Us_Init
                0x00000780                Us_Trigger
                0x000007ac                Us_GetDistance
 .text          0x000007e8        0x0 ECUAL/US/UsConfig.o
 .text          0x000007e8      0x66a Infrastructure/Intturpts Manger/Interrupts.o
                0x000007e8                G_interrupt_Enable
                0x000007f0                EX_interrupt_enable2
                0x00000802                EX_interrupt_enable1
                0x0000081a                EX_interrupt_enable0
                0x00000832                G_interrupt_Disable
                0x0000083a                __vector_1
                0x00000888                __vector_2
                0x000008d6                __vector_3
                0x00000924                __vector_4
                0x00000972                __vector_5
                0x000009c0                __vector_6
                0x00000a0e                __vector_7
                0x00000a5c                __vector_8
                0x00000aaa                __vector_9
                0x00000af8                __vector_10
                0x00000b46                __vector_11
                0x00000b94                __vector_12
                0x00000be2                __vector_13
                0x00000c30                __vector_14
                0x00000c7e                __vector_15
                0x00000ccc                __vector_16
                0x00000d1a                __vector_17
                0x00000d68                __vector_18
                0x00000db6                __vector_19
                0x00000e04                __vector_20
 .text          0x00000e52      0x266 MCAL/DIO/DIO.o
                0x00000e52                DIO_init
                0x00000f60                DIO_deinit
                0x00000f66                DIO_is_init
                0x00000f6e                DIO_Write
                0x00001010                DIO_Read
                0x0000106e                DIO_Toggle
 .text          0x000010b8        0x0 MCAL/DIO/DIO_config.o
 .text          0x000010b8      0x200 MCAL/ICU/ICU.o
                0x000010b8                Icu_Init
                0x0000111a                Icu_ReadTime
                0x000011ce                EXTI
 .text          0x000012b8        0x0 MCAL/ICU/ICU_Config.o
 .text          0x000012b8      0x2d0 MCAL/LCD/LCD.o
 .text          0x00001588       0x8e MCAL/PushButtons/pushButton.o
                0x00001588                pushButtonGetStatus
 .text          0x00001616      0x4c0 MCAL/PWM/PWM.o
                0x00001616                Pwm_Init
                0x00001672                Pwm_Start
                0x00001a90                Pwm_Update
                0x00001aa4                Pwm_Stop
 .text          0x00001ad6        0x0 MCAL/PWM/PWM_Config.o
 .text          0x00001ad6      0x666 MCAL/Timer/timer.o
                0x00001ad6                Timer_Stop
                0x00001b0a                Timer_Start
                0x00001e3e                Timer_Init
                0x000020ae                Timer_GetStatus
                0x000020fa                Timer_GetValue
 .text          0x0000213c        0x0 MCAL/Timer/Timer_Config.o
 .text          0x0000213c        0x0 RTOS/croutine.o
 .text          0x0000213c      0x352 RTOS/event_groups.o
                0x00002162                xEventGroupCreate
                0x0000218a                xEventGroupWaitBits
                0x00002262                xEventGroupClearBits
                0x00002280                xEventGroupGetBitsFromISR
                0x00002288                xEventGroupSetBits
                0x0000237e                xEventGroupSync
                0x0000244c                vEventGroupDelete
                0x0000247e                vEventGroupSetBitsCallback
                0x00002486                vEventGroupClearBitsCallback
 .text          0x0000248e       0x8a RTOS/heap_1.o
                0x0000248e                pvPortMalloc
                0x000024fa                vPortFree
                0x000024fc                vPortInitialiseBlocks
                0x00002506                xPortGetFreeHeapSize
 .text          0x00002518      0x118 RTOS/list.o
                0x00002518                vListInitialise
                0x00002534                vListInitialiseItem
                0x0000253c                vListInsertEnd
                0x0000257a                vListInsert
                0x000025de                uxListRemove
 .text          0x00002630      0x2fe RTOS/port.o
                0x00002630                pxPortInitialiseStack
                0x00002750                xPortStartScheduler
                0x000027ba                vPortEndScheduler
                0x000027bc                vPortYield
                0x0000286e                vPortYieldFromTick
                0x00002928                SIG_OUTPUT_COMPARE1A
 .text          0x0000292e      0x8fc RTOS/queue.o
                0x00002aba                xQueueGenericReset
                0x00002b46                xQueueGenericCreate
                0x00002b98                xQueueGenericSend
                0x00002ce4                xQueueGenericSendFromISR
                0x00002d56                xQueueGiveFromISR
                0x00002da8                xQueueReceive
                0x00002ee4                xQueueSemaphoreTake
                0x00003008                xQueuePeek
                0x00003144                xQueueReceiveFromISR
                0x000031b2                xQueuePeekFromISR
                0x000031e0                uxQueueMessagesWaiting
                0x000031f0                uxQueueSpacesAvailable
                0x00003204                uxQueueMessagesWaitingFromISR
                0x0000320a                vQueueDelete
                0x00003210                xQueueIsQueueEmptyFromISR
                0x0000321c                xQueueIsQueueFullFromISR
 .text          0x0000322a      0x82e RTOS/stream_buffer.o
                0x000034aa                xStreamBufferGenericCreate
                0x00003506                vStreamBufferDelete
                0x00003520                xStreamBufferReset
                0x00003560                xStreamBufferSetTriggerLevel
                0x00003582                xStreamBufferSpacesAvailable
                0x000035a8                xStreamBufferBytesAvailable
                0x000035ae                xStreamBufferSend
                0x000036fa                xStreamBufferSendFromISR
                0x0000378a                xStreamBufferReceive
                0x00003894                xStreamBufferNextMessageLengthBytes
                0x000038fc                xStreamBufferReceiveFromISR
                0x0000398e                xStreamBufferIsEmpty
                0x000039a4                xStreamBufferIsFull
                0x000039d0                xStreamBufferSendCompletedFromISR
                0x00003a14                xStreamBufferReceiveCompletedFromISR
 .text          0x00003a58      0xeda RTOS/tasks.o
                0x00003b7c                xTaskCreate
                0x00003dbe                vTaskDelete
                0x00003e62                vTaskStartScheduler
                0x00003eb6                vTaskEndScheduler
                0x00003ec2                vTaskSuspendAll
                0x00003ece                xTaskGetTickCount
                0x00003ee2                xTaskGetTickCountFromISR
                0x00003eec                uxTaskGetNumberOfTasks
                0x00003ef2                pcTaskGetName
                0x00003f02                xTaskIncrementTick
                0x0000407e                xTaskResumeAll
                0x0000417e                vTaskDelay
                0x000041a6                vTaskSwitchContext
                0x0000425e                vTaskPlaceOnEventList
                0x00004282                vTaskPlaceOnUnorderedEventList
                0x000042b4                xTaskRemoveFromEventList
                0x0000434a                vTaskRemoveFromUnorderedEventList
                0x000043ba                vTaskSetTimeOutState
                0x000043da                vTaskInternalSetTimeOutState
                0x000043f0                xTaskCheckForTimeOut
                0x0000444a                vTaskMissedYield
                0x00004452                xTaskGetCurrentTaskHandle
                0x0000445c                uxTaskResetEventItemValue
                0x0000448c                ulTaskNotifyTake
                0x00004542                xTaskNotifyWait
                0x0000463a                xTaskGenericNotify
                0x00004734                xTaskGenericNotifyFromISR
                0x00004852                vTaskNotifyGiveFromISR
                0x00004908                xTaskNotifyStateClear
 .text          0x00004932        0x0 RTOS/timers.o
 .text          0x00004932      0x318 SL/SOS/SOS.o
                0x00004932                SOS_Init
                0x000049b4                TMU_DeInit
                0x000049d8                SOS_Create_Task
                0x00004a12                SOS_Run
                0x00004af2                TMU_Stop_Timer
                0x00004b0a                Task1
                0x00004bea                Task2
                0x00004c40                Tmu_excute
                0x00004c42                timer_interrupt
 .text          0x00004c4a        0x0 SL/SOS/SOS_Config.o
 .text          0x00004c4a      0x234 userStory1.o
                0x00004c4a                SendString_Task
                0x00004cba                BTN_Task
                0x00004d16                LCD_Display_Task
                0x00004daa                SysInit_Task
                0x00004dbe                main
 .text          0x00004e7e        0x0 c:/program files (x86)/atmel/atmel studio 6.0/extensions/atmel/avrgcc/3.4.1.95/avrtoolchain/bin/../lib/gcc/avr/4.6.2/../../../../avr/lib/avr5\libm.a(divsf3.o)
 .text          0x00004e7e        0x0 c:/program files (x86)/atmel/atmel studio 6.0/extensions/atmel/avrgcc/3.4.1.95/avrtoolchain/bin/../lib/gcc/avr/4.6.2/../../../../avr/lib/avr5\libm.a(divsf3x.o)
 .text          0x00004e7e        0x0 c:/program files (x86)/atmel/atmel studio 6.0/extensions/atmel/avrgcc/3.4.1.95/avrtoolchain/bin/../lib/gcc/avr/4.6.2/../../../../avr/lib/avr5\libm.a(fixunssfsi.o)
 .text          0x00004e7e        0x0 c:/program files (x86)/atmel/atmel studio 6.0/extensions/atmel/avrgcc/3.4.1.95/avrtoolchain/bin/../lib/gcc/avr/4.6.2/../../../../avr/lib/avr5\libm.a(floatsisf.o)
 .text          0x00004e7e        0x0 c:/program files (x86)/atmel/atmel studio 6.0/extensions/atmel/avrgcc/3.4.1.95/avrtoolchain/bin/../lib/gcc/avr/4.6.2/../../../../avr/lib/avr5\libm.a(fp_inf.o)
 .text          0x00004e7e        0x0 c:/program files (x86)/atmel/atmel studio 6.0/extensions/atmel/avrgcc/3.4.1.95/avrtoolchain/bin/../lib/gcc/avr/4.6.2/../../../../avr/lib/avr5\libm.a(fp_nan.o)
 .text          0x00004e7e        0x0 c:/program files (x86)/atmel/atmel studio 6.0/extensions/atmel/avrgcc/3.4.1.95/avrtoolchain/bin/../lib/gcc/avr/4.6.2/../../../../avr/lib/avr5\libm.a(fp_pscA.o)
 .text          0x00004e7e        0x0 c:/program files (x86)/atmel/atmel studio 6.0/extensions/atmel/avrgcc/3.4.1.95/avrtoolchain/bin/../lib/gcc/avr/4.6.2/../../../../avr/lib/avr5\libm.a(fp_pscB.o)
 .text          0x00004e7e        0x0 c:/program files (x86)/atmel/atmel studio 6.0/extensions/atmel/avrgcc/3.4.1.95/avrtoolchain/bin/../lib/gcc/avr/4.6.2/../../../../avr/lib/avr5\libm.a(fp_round.o)
 .text          0x00004e7e        0x0 c:/program files (x86)/atmel/atmel studio 6.0/extensions/atmel/avrgcc/3.4.1.95/avrtoolchain/bin/../lib/gcc/avr/4.6.2/../../../../avr/lib/avr5\libm.a(fp_split3.o)
 .text          0x00004e7e        0x0 c:/program files (x86)/atmel/atmel studio 6.0/extensions/atmel/avrgcc/3.4.1.95/avrtoolchain/bin/../lib/gcc/avr/4.6.2/../../../../avr/lib/avr5\libm.a(fp_zero.o)
 .text          0x00004e7e        0x0 c:/program files (x86)/atmel/atmel studio 6.0/extensions/atmel/avrgcc/3.4.1.95/avrtoolchain/bin/../lib/gcc/avr/4.6.2/../../../../avr/lib/avr5\libm.a(mulsf3.o)
 .text          0x00004e7e        0x0 c:/program files (x86)/atmel/atmel studio 6.0/extensions/atmel/avrgcc/3.4.1.95/avrtoolchain/bin/../lib/gcc/avr/4.6.2/../../../../avr/lib/avr5\libm.a(mulsf3x.o)
 .text          0x00004e7e        0x0 c:/program files (x86)/atmel/atmel studio 6.0/extensions/atmel/avrgcc/3.4.1.95/avrtoolchain/bin/../lib/gcc/avr/4.6.2/avr5\libgcc.a(_udivmodsi4.o)
 .text          0x00004e7e        0x0 c:/program files (x86)/atmel/atmel studio 6.0/extensions/atmel/avrgcc/3.4.1.95/avrtoolchain/bin/../lib/gcc/avr/4.6.2/avr5\libgcc.a(_exit.o)
 .text          0x00004e7e        0x0 c:/program files (x86)/atmel/atmel studio 6.0/extensions/atmel/avrgcc/3.4.1.95/avrtoolchain/bin/../lib/gcc/avr/4.6.2/avr5\libgcc.a(_copy_data.o)
 .text          0x00004e7e        0x0 c:/program files (x86)/atmel/atmel studio 6.0/extensions/atmel/avrgcc/3.4.1.95/avrtoolchain/bin/../lib/gcc/avr/4.6.2/avr5\libgcc.a(_clear_bss.o)
 .text          0x00004e7e        0x0 c:/program files (x86)/atmel/atmel studio 6.0/extensions/atmel/avrgcc/3.4.1.95/avrtoolchain/bin/../lib/gcc/avr/4.6.2/../../../../avr/lib/avr5\libc.a(memcpy.o)
                0x00004e7e                . = ALIGN (0x2)
 *(.text.*)
 .text.avr-libc.fplib
                0x00004e7e        0x4 c:/program files (x86)/atmel/atmel studio 6.0/extensions/atmel/avrgcc/3.4.1.95/avrtoolchain/bin/../lib/gcc/avr/4.6.2/../../../../avr/lib/avr5\libm.a(divsf3.o)
                0x00004e7e                __divsf3
 .text.avr-libc.fplib
                0x00004e82       0xcc c:/program files (x86)/atmel/atmel studio 6.0/extensions/atmel/avrgcc/3.4.1.95/avrtoolchain/bin/../lib/gcc/avr/4.6.2/../../../../avr/lib/avr5\libm.a(divsf3x.o)
                0x00004e98                __divsf3x
                0x00004e9c                __divsf3_pse
 .text.avr-libc.fplib
                0x00004f4e       0x58 c:/program files (x86)/atmel/atmel studio 6.0/extensions/atmel/avrgcc/3.4.1.95/avrtoolchain/bin/../lib/gcc/avr/4.6.2/../../../../avr/lib/avr5\libm.a(fixunssfsi.o)
                0x00004f4e                __fixunssfsi
 .text.avr-libc.fplib
                0x00004fa6       0x7a c:/program files (x86)/atmel/atmel studio 6.0/extensions/atmel/avrgcc/3.4.1.95/avrtoolchain/bin/../lib/gcc/avr/4.6.2/../../../../avr/lib/avr5\libm.a(floatsisf.o)
                0x00004fa6                __floatunsisf
                0x00004faa                __floatsisf
 .text.avr-libc.fplib
                0x00005020        0xc c:/program files (x86)/atmel/atmel studio 6.0/extensions/atmel/avrgcc/3.4.1.95/avrtoolchain/bin/../lib/gcc/avr/4.6.2/../../../../avr/lib/avr5\libm.a(fp_inf.o)
                0x00005020                __fp_inf
 .text.avr-libc.fplib
                0x0000502c        0x6 c:/program files (x86)/atmel/atmel studio 6.0/extensions/atmel/avrgcc/3.4.1.95/avrtoolchain/bin/../lib/gcc/avr/4.6.2/../../../../avr/lib/avr5\libm.a(fp_nan.o)
                0x0000502c                __fp_nan
 .text.avr-libc.fplib
                0x00005032        0xe c:/program files (x86)/atmel/atmel studio 6.0/extensions/atmel/avrgcc/3.4.1.95/avrtoolchain/bin/../lib/gcc/avr/4.6.2/../../../../avr/lib/avr5\libm.a(fp_pscA.o)
                0x00005032                __fp_pscA
 .text.avr-libc.fplib
                0x00005040        0xe c:/program files (x86)/atmel/atmel studio 6.0/extensions/atmel/avrgcc/3.4.1.95/avrtoolchain/bin/../lib/gcc/avr/4.6.2/../../../../avr/lib/avr5\libm.a(fp_pscB.o)
                0x00005040                __fp_pscB
 .text.avr-libc.fplib
                0x0000504e       0x22 c:/program files (x86)/atmel/atmel studio 6.0/extensions/atmel/avrgcc/3.4.1.95/avrtoolchain/bin/../lib/gcc/avr/4.6.2/../../../../avr/lib/avr5\libm.a(fp_round.o)
                0x0000504e                __fp_round
 .text.avr-libc.fplib
                0x00005070       0x44 c:/program files (x86)/atmel/atmel studio 6.0/extensions/atmel/avrgcc/3.4.1.95/avrtoolchain/bin/../lib/gcc/avr/4.6.2/../../../../avr/lib/avr5\libm.a(fp_split3.o)
                0x00005070                __fp_split3
                0x00005080                __fp_splitA
 .text.avr-libc.fplib
                0x000050b4        0xe c:/program files (x86)/atmel/atmel studio 6.0/extensions/atmel/avrgcc/3.4.1.95/avrtoolchain/bin/../lib/gcc/avr/4.6.2/../../../../avr/lib/avr5\libm.a(fp_zero.o)
                0x000050b4                __fp_zero
                0x000050b6                __fp_szero
 .text.avr-libc.fplib
                0x000050c2        0x4 c:/program files (x86)/atmel/atmel studio 6.0/extensions/atmel/avrgcc/3.4.1.95/avrtoolchain/bin/../lib/gcc/avr/4.6.2/../../../../avr/lib/avr5\libm.a(mulsf3.o)
                0x000050c2                __mulsf3
 .text.avr-libc.fplib
                0x000050c6       0xc2 c:/program files (x86)/atmel/atmel studio 6.0/extensions/atmel/avrgcc/3.4.1.95/avrtoolchain/bin/../lib/gcc/avr/4.6.2/../../../../avr/lib/avr5\libm.a(mulsf3x.o)
                0x000050da                __mulsf3x
                0x000050de                __mulsf3_pse
 .text.libgcc   0x00005188       0x44 c:/program files (x86)/atmel/atmel studio 6.0/extensions/atmel/avrgcc/3.4.1.95/avrtoolchain/bin/../lib/gcc/avr/4.6.2/avr5\libgcc.a(_udivmodsi4.o)
                0x00005188                __udivmodsi4
 .text.libgcc   0x000051cc        0x0 c:/program files (x86)/atmel/atmel studio 6.0/extensions/atmel/avrgcc/3.4.1.95/avrtoolchain/bin/../lib/gcc/avr/4.6.2/avr5\libgcc.a(_exit.o)
 .text.libgcc   0x000051cc        0x0 c:/program files (x86)/atmel/atmel studio 6.0/extensions/atmel/avrgcc/3.4.1.95/avrtoolchain/bin/../lib/gcc/avr/4.6.2/avr5\libgcc.a(_copy_data.o)
 .text.libgcc   0x000051cc        0x0 c:/program files (x86)/atmel/atmel studio 6.0/extensions/atmel/avrgcc/3.4.1.95/avrtoolchain/bin/../lib/gcc/avr/4.6.2/avr5\libgcc.a(_clear_bss.o)
 .text.avr-libc
                0x000051cc       0x12 c:/program files (x86)/atmel/atmel studio 6.0/extensions/atmel/avrgcc/3.4.1.95/avrtoolchain/bin/../lib/gcc/avr/4.6.2/../../../../avr/lib/avr5\libc.a(memcpy.o)
                0x000051cc                memcpy
                0x000051de                . = ALIGN (0x2)
 *(.fini9)
 .fini9         0x000051de        0x0 c:/program files (x86)/atmel/atmel studio 6.0/extensions/atmel/avrgcc/3.4.1.95/avrtoolchain/bin/../lib/gcc/avr/4.6.2/avr5\libgcc.a(_exit.o)
                0x000051de                _exit
                0x000051de                exit
 *(.fini9)
 *(.fini8)
 *(.fini8)
 *(.fini7)
 *(.fini7)
 *(.fini6)
 *(.fini6)
 *(.fini5)
 *(.fini5)
 *(.fini4)
 *(.fini4)
 *(.fini3)
 *(.fini3)
 *(.fini2)
 *(.fini2)
 *(.fini1)
 *(.fini1)
 *(.fini0)
 .fini0         0x000051de        0x4 c:/program files (x86)/atmel/atmel studio 6.0/extensions/atmel/avrgcc/3.4.1.95/avrtoolchain/bin/../lib/gcc/avr/4.6.2/avr5\libgcc.a(_exit.o)
 *(.fini0)
                0x000051e2                _etext = .

.data           0x00800060      0x1d2 load address 0x000051e2
                0x00800060                PROVIDE (__data_start, .)
 *(.data)
 .data          0x00800060        0x0 c:/program files (x86)/atmel/atmel studio 6.0/extensions/atmel/avrgcc/3.4.1.95/avrtoolchain/bin/../lib/gcc/avr/4.6.2/../../../../avr/lib/avr5/crtm32a.o
 .data          0x00800060        0x0 AAL/car_sm/car_sm.o
 .data          0x00800060        0x0 AAL/Steering/Steering.o
 .data          0x00800060        0x0 ECUAL/LCD/LCD.o
 .data          0x00800060        0x0 ECUAL/Motor/Motor.o
 .data          0x00800060        0x9 ECUAL/Motor/Motor_Config.o
                0x00800060                ALL_Motor
                0x00800063                Motortwo
                0x00800066                Motorone
 .data          0x00800069        0x0 ECUAL/SWdelay/softwareDelay.o
 .data          0x00800069        0x0 ECUAL/US/US.o
 .data          0x00800069        0x3 ECUAL/US/UsConfig.o
                0x00800069                US_Configuration
 .data          0x0080006c        0x4 Infrastructure/Intturpts Manger/Interrupts.o
                0x0080006c                TIMER0OVF_INT
                0x0080006e                INT2_external_interrupt
 .data          0x00800070        0x0 MCAL/DIO/DIO.o
 .data          0x00800070        0xc MCAL/DIO/DIO_config.o
                0x00800070                Dio_configurationD
                0x00800073                Dio_configurationC
                0x00800076                Dio_configurationB
                0x00800079                Dio_configurationA
 .data          0x0080007c        0x0 MCAL/ICU/ICU.o
 .data          0x0080007c        0x2 MCAL/ICU/ICU_Config.o
                0x0080007c                ICU_Configuration
 .data          0x0080007e        0x0 MCAL/LCD/LCD.o
 .data          0x0080007e        0x0 MCAL/PushButtons/pushButton.o
 .data          0x0080007e        0x0 MCAL/PWM/PWM.o
 .data          0x0080007e        0x8 MCAL/PWM/PWM_Config.o
                0x0080007e                PWM_Configuration_2
                0x00800080                PWM_Configuration_0
                0x00800082                PWM_Configuration_1B
                0x00800084                PWM_Configuration_1A
 .data          0x00800086        0x0 MCAL/Timer/timer.o
 .data          0x00800086       0x12 MCAL/Timer/Timer_Config.o
                0x00800086                Timer_Deinit_Configuration0
                0x0080008c                Timer_Configuration0
                0x00800092                Timer_Configuration2
 .data          0x00800098        0x0 RTOS/croutine.o
 .data          0x00800098        0x0 RTOS/event_groups.o
 .data          0x00800098        0x0 RTOS/heap_1.o
 .data          0x00800098        0x0 RTOS/list.o
 .data          0x00800098        0x0 RTOS/port.o
 .data          0x00800098        0x0 RTOS/queue.o
 .data          0x00800098        0x0 RTOS/stream_buffer.o
 .data          0x00800098        0x5 RTOS/tasks.o
 .data          0x0080009d        0x0 RTOS/timers.o
 .data          0x0080009d      0x140 SL/SOS/SOS.o
 .data          0x008001dd        0x2 SL/SOS/SOS_Config.o
                0x008001dd                TMU_Configuration
 .data          0x008001df       0x52 userStory1.o
 .data          0x00800231        0x0 c:/program files (x86)/atmel/atmel studio 6.0/extensions/atmel/avrgcc/3.4.1.95/avrtoolchain/bin/../lib/gcc/avr/4.6.2/../../../../avr/lib/avr5\libm.a(divsf3.o)
 .data          0x00800231        0x0 c:/program files (x86)/atmel/atmel studio 6.0/extensions/atmel/avrgcc/3.4.1.95/avrtoolchain/bin/../lib/gcc/avr/4.6.2/../../../../avr/lib/avr5\libm.a(divsf3x.o)
 .data          0x00800231        0x0 c:/program files (x86)/atmel/atmel studio 6.0/extensions/atmel/avrgcc/3.4.1.95/avrtoolchain/bin/../lib/gcc/avr/4.6.2/../../../../avr/lib/avr5\libm.a(fixunssfsi.o)
 .data          0x00800231        0x0 c:/program files (x86)/atmel/atmel studio 6.0/extensions/atmel/avrgcc/3.4.1.95/avrtoolchain/bin/../lib/gcc/avr/4.6.2/../../../../avr/lib/avr5\libm.a(floatsisf.o)
 .data          0x00800231        0x0 c:/program files (x86)/atmel/atmel studio 6.0/extensions/atmel/avrgcc/3.4.1.95/avrtoolchain/bin/../lib/gcc/avr/4.6.2/../../../../avr/lib/avr5\libm.a(fp_inf.o)
 .data          0x00800231        0x0 c:/program files (x86)/atmel/atmel studio 6.0/extensions/atmel/avrgcc/3.4.1.95/avrtoolchain/bin/../lib/gcc/avr/4.6.2/../../../../avr/lib/avr5\libm.a(fp_nan.o)
 .data          0x00800231        0x0 c:/program files (x86)/atmel/atmel studio 6.0/extensions/atmel/avrgcc/3.4.1.95/avrtoolchain/bin/../lib/gcc/avr/4.6.2/../../../../avr/lib/avr5\libm.a(fp_pscA.o)
 .data          0x00800231        0x0 c:/program files (x86)/atmel/atmel studio 6.0/extensions/atmel/avrgcc/3.4.1.95/avrtoolchain/bin/../lib/gcc/avr/4.6.2/../../../../avr/lib/avr5\libm.a(fp_pscB.o)
 .data          0x00800231        0x0 c:/program files (x86)/atmel/atmel studio 6.0/extensions/atmel/avrgcc/3.4.1.95/avrtoolchain/bin/../lib/gcc/avr/4.6.2/../../../../avr/lib/avr5\libm.a(fp_round.o)
 .data          0x00800231        0x0 c:/program files (x86)/atmel/atmel studio 6.0/extensions/atmel/avrgcc/3.4.1.95/avrtoolchain/bin/../lib/gcc/avr/4.6.2/../../../../avr/lib/avr5\libm.a(fp_split3.o)
 .data          0x00800231        0x0 c:/program files (x86)/atmel/atmel studio 6.0/extensions/atmel/avrgcc/3.4.1.95/avrtoolchain/bin/../lib/gcc/avr/4.6.2/../../../../avr/lib/avr5\libm.a(fp_zero.o)
 .data          0x00800231        0x0 c:/program files (x86)/atmel/atmel studio 6.0/extensions/atmel/avrgcc/3.4.1.95/avrtoolchain/bin/../lib/gcc/avr/4.6.2/../../../../avr/lib/avr5\libm.a(mulsf3.o)
 .data          0x00800231        0x0 c:/program files (x86)/atmel/atmel studio 6.0/extensions/atmel/avrgcc/3.4.1.95/avrtoolchain/bin/../lib/gcc/avr/4.6.2/../../../../avr/lib/avr5\libm.a(mulsf3x.o)
 .data          0x00800231        0x0 c:/program files (x86)/atmel/atmel studio 6.0/extensions/atmel/avrgcc/3.4.1.95/avrtoolchain/bin/../lib/gcc/avr/4.6.2/avr5\libgcc.a(_udivmodsi4.o)
 .data          0x00800231        0x0 c:/program files (x86)/atmel/atmel studio 6.0/extensions/atmel/avrgcc/3.4.1.95/avrtoolchain/bin/../lib/gcc/avr/4.6.2/avr5\libgcc.a(_exit.o)
 .data          0x00800231        0x0 c:/program files (x86)/atmel/atmel studio 6.0/extensions/atmel/avrgcc/3.4.1.95/avrtoolchain/bin/../lib/gcc/avr/4.6.2/avr5\libgcc.a(_copy_data.o)
 .data          0x00800231        0x0 c:/program files (x86)/atmel/atmel studio 6.0/extensions/atmel/avrgcc/3.4.1.95/avrtoolchain/bin/../lib/gcc/avr/4.6.2/avr5\libgcc.a(_clear_bss.o)
 .data          0x00800231        0x0 c:/program files (x86)/atmel/atmel studio 6.0/extensions/atmel/avrgcc/3.4.1.95/avrtoolchain/bin/../lib/gcc/avr/4.6.2/../../../../avr/lib/avr5\libc.a(memcpy.o)
 *(.data*)
 *(.rodata)
 *(.rodata*)
 *(.gnu.linkonce.d*)
                0x00800232                . = ALIGN (0x2)
 *fill*         0x00800231        0x1 00
                0x00800232                _edata = .
                0x00800232                PROVIDE (__data_end, .)

.bss            0x00800232      0x532
                0x00800232                PROVIDE (__bss_start, .)
 *(.bss)
 .bss           0x00800232        0x0 c:/program files (x86)/atmel/atmel studio 6.0/extensions/atmel/avrgcc/3.4.1.95/avrtoolchain/bin/../lib/gcc/avr/4.6.2/../../../../avr/lib/avr5/crtm32a.o
 .bss           0x00800232        0x2 AAL/car_sm/car_sm.o
 .bss           0x00800234        0x0 AAL/Steering/Steering.o
 .bss           0x00800234        0x1 ECUAL/LCD/LCD.o
                0x00800234                U8_index
 .bss           0x00800235        0x2 ECUAL/Motor/Motor.o
 .bss           0x00800237        0x0 ECUAL/Motor/Motor_Config.o
 .bss           0x00800237        0x0 ECUAL/SWdelay/softwareDelay.o
 .bss           0x00800237        0x0 ECUAL/US/US.o
 .bss           0x00800237        0x0 ECUAL/US/UsConfig.o
 .bss           0x00800237        0x0 Infrastructure/Intturpts Manger/Interrupts.o
 .bss           0x00800237        0x2 MCAL/DIO/DIO.o
 .bss           0x00800239        0x0 MCAL/DIO/DIO_config.o
 .bss           0x00800239       0x15 MCAL/ICU/ICU.o
 .bss           0x0080024e        0x0 MCAL/ICU/ICU_Config.o
 .bss           0x0080024e        0x0 MCAL/LCD/LCD.o
 .bss           0x0080024e        0x6 MCAL/PushButtons/pushButton.o
 .bss           0x00800254        0x2 MCAL/PWM/PWM.o
 .bss           0x00800256        0x0 MCAL/PWM/PWM_Config.o
 .bss           0x00800256        0x5 MCAL/Timer/timer.o
 .bss           0x0080025b        0x0 MCAL/Timer/Timer_Config.o
 .bss           0x0080025b        0x0 RTOS/croutine.o
 .bss           0x0080025b        0x0 RTOS/event_groups.o
 .bss           0x0080025b      0x3ec RTOS/heap_1.o
 .bss           0x00800647        0x0 RTOS/list.o
 .bss           0x00800647        0x0 RTOS/port.o
 .bss           0x00800647        0x0 RTOS/queue.o
 .bss           0x00800647        0x0 RTOS/stream_buffer.o
 .bss           0x00800647       0x5d RTOS/tasks.o
                0x00800647                pxCurrentTCB
 .bss           0x008006a4        0x0 RTOS/timers.o
 .bss           0x008006a4        0xa SL/SOS/SOS.o
                0x008006a4                u8Excution_to_be_done
                0x008006a5                u8_FUN_index
                0x008006a6                u8_Is_Intialized
                0x008006a7                u8_Init_finished
 .bss           0x008006ae        0x0 SL/SOS/SOS_Config.o
 .bss           0x008006ae        0x0 userStory1.o
 .bss           0x008006ae        0x0 c:/program files (x86)/atmel/atmel studio 6.0/extensions/atmel/avrgcc/3.4.1.95/avrtoolchain/bin/../lib/gcc/avr/4.6.2/../../../../avr/lib/avr5\libm.a(divsf3.o)
 .bss           0x008006ae        0x0 c:/program files (x86)/atmel/atmel studio 6.0/extensions/atmel/avrgcc/3.4.1.95/avrtoolchain/bin/../lib/gcc/avr/4.6.2/../../../../avr/lib/avr5\libm.a(divsf3x.o)
 .bss           0x008006ae        0x0 c:/program files (x86)/atmel/atmel studio 6.0/extensions/atmel/avrgcc/3.4.1.95/avrtoolchain/bin/../lib/gcc/avr/4.6.2/../../../../avr/lib/avr5\libm.a(fixunssfsi.o)
 .bss           0x008006ae        0x0 c:/program files (x86)/atmel/atmel studio 6.0/extensions/atmel/avrgcc/3.4.1.95/avrtoolchain/bin/../lib/gcc/avr/4.6.2/../../../../avr/lib/avr5\libm.a(floatsisf.o)
 .bss           0x008006ae        0x0 c:/program files (x86)/atmel/atmel studio 6.0/extensions/atmel/avrgcc/3.4.1.95/avrtoolchain/bin/../lib/gcc/avr/4.6.2/../../../../avr/lib/avr5\libm.a(fp_inf.o)
 .bss           0x008006ae        0x0 c:/program files (x86)/atmel/atmel studio 6.0/extensions/atmel/avrgcc/3.4.1.95/avrtoolchain/bin/../lib/gcc/avr/4.6.2/../../../../avr/lib/avr5\libm.a(fp_nan.o)
 .bss           0x008006ae        0x0 c:/program files (x86)/atmel/atmel studio 6.0/extensions/atmel/avrgcc/3.4.1.95/avrtoolchain/bin/../lib/gcc/avr/4.6.2/../../../../avr/lib/avr5\libm.a(fp_pscA.o)
 .bss           0x008006ae        0x0 c:/program files (x86)/atmel/atmel studio 6.0/extensions/atmel/avrgcc/3.4.1.95/avrtoolchain/bin/../lib/gcc/avr/4.6.2/../../../../avr/lib/avr5\libm.a(fp_pscB.o)
 .bss           0x008006ae        0x0 c:/program files (x86)/atmel/atmel studio 6.0/extensions/atmel/avrgcc/3.4.1.95/avrtoolchain/bin/../lib/gcc/avr/4.6.2/../../../../avr/lib/avr5\libm.a(fp_round.o)
 .bss           0x008006ae        0x0 c:/program files (x86)/atmel/atmel studio 6.0/extensions/atmel/avrgcc/3.4.1.95/avrtoolchain/bin/../lib/gcc/avr/4.6.2/../../../../avr/lib/avr5\libm.a(fp_split3.o)
 .bss           0x008006ae        0x0 c:/program files (x86)/atmel/atmel studio 6.0/extensions/atmel/avrgcc/3.4.1.95/avrtoolchain/bin/../lib/gcc/avr/4.6.2/../../../../avr/lib/avr5\libm.a(fp_zero.o)
 .bss           0x008006ae        0x0 c:/program files (x86)/atmel/atmel studio 6.0/extensions/atmel/avrgcc/3.4.1.95/avrtoolchain/bin/../lib/gcc/avr/4.6.2/../../../../avr/lib/avr5\libm.a(mulsf3.o)
 .bss           0x008006ae        0x0 c:/program files (x86)/atmel/atmel studio 6.0/extensions/atmel/avrgcc/3.4.1.95/avrtoolchain/bin/../lib/gcc/avr/4.6.2/../../../../avr/lib/avr5\libm.a(mulsf3x.o)
 .bss           0x008006ae        0x0 c:/program files (x86)/atmel/atmel studio 6.0/extensions/atmel/avrgcc/3.4.1.95/avrtoolchain/bin/../lib/gcc/avr/4.6.2/avr5\libgcc.a(_udivmodsi4.o)
 .bss           0x008006ae        0x0 c:/program files (x86)/atmel/atmel studio 6.0/extensions/atmel/avrgcc/3.4.1.95/avrtoolchain/bin/../lib/gcc/avr/4.6.2/avr5\libgcc.a(_exit.o)
 .bss           0x008006ae        0x0 c:/program files (x86)/atmel/atmel studio 6.0/extensions/atmel/avrgcc/3.4.1.95/avrtoolchain/bin/../lib/gcc/avr/4.6.2/avr5\libgcc.a(_copy_data.o)
 .bss           0x008006ae        0x0 c:/program files (x86)/atmel/atmel studio 6.0/extensions/atmel/avrgcc/3.4.1.95/avrtoolchain/bin/../lib/gcc/avr/4.6.2/avr5\libgcc.a(_clear_bss.o)
 .bss           0x008006ae        0x0 c:/program files (x86)/atmel/atmel studio 6.0/extensions/atmel/avrgcc/3.4.1.95/avrtoolchain/bin/../lib/gcc/avr/4.6.2/../../../../avr/lib/avr5\libc.a(memcpy.o)
 *(.bss*)
 *(COMMON)
 COMMON         0x008006ae       0x24 Infrastructure/Intturpts Manger/Interrupts.o
                0x008006ae                TWI_I2C
                0x008006b0                USART_RXC
                0x008006b2                TIMER2OVF
                0x008006b4                SPM_RDY
                0x008006b6                TIMER1COMPB
                0x008006b8                TIMER1COMPA
                0x008006ba                SPI_STC
                0x008006bc                ANA_COMP
                0x008006be                ADC_INT
                0x008006c0                EE_RDY
                0x008006c2                INT0_external_interrupt
                0x008006c4                USART_TXC
                0x008006c6                TIMER0COMP
                0x008006c8                USART_UDRE
                0x008006ca                INT1_external_interrupt
                0x008006cc                TIMER1CAPT
                0x008006ce                TIMER1OVF
                0x008006d0                TIMER2COMP
 COMMON         0x008006d2       0x2c SL/SOS/SOS.o
                0x008006d2                Start_status
                0x008006d6                Buffer_Array
                0x008006f6                start
 COMMON         0x008006fe       0x66 userStory1.o
                0x008006fe                xCreatedEventGroup
                0x00800700                gu8_SharedString
                0x00800764                PROVIDE (__bss_end, .)
                0x000051e2                __data_load_start = LOADADDR (.data)
                0x000053b4                __data_load_end = (__data_load_start + SIZEOF (.data))

.noinit         0x00800764        0x0
                0x00800764                PROVIDE (__noinit_start, .)
 *(.noinit*)
                0x00800764                PROVIDE (__noinit_end, .)
                0x00800764                _end = .
                0x00800764                PROVIDE (__heap_start, .)

.eeprom         0x00810000        0x0
 *(.eeprom*)
                0x00810000                __eeprom_end = .

.fuse
 *(.fuse)
 *(.lfuse)
 *(.hfuse)
 *(.efuse)

.lock
 *(.lock*)

.signature
 *(.signature*)

.stab           0x00000000     0x1c50
 *(.stab)
 .stab          0x00000000      0x6cc c:/program files (x86)/atmel/atmel studio 6.0/extensions/atmel/avrgcc/3.4.1.95/avrtoolchain/bin/../lib/gcc/avr/4.6.2/../../../../avr/lib/avr5/crtm32a.o
 .stab          0x000006cc       0x48 c:/program files (x86)/atmel/atmel studio 6.0/extensions/atmel/avrgcc/3.4.1.95/avrtoolchain/bin/../lib/gcc/avr/4.6.2/../../../../avr/lib/avr5\libm.a(divsf3.o)
                                 0x54 (size before relaxing)
 .stab          0x00000714      0x510 c:/program files (x86)/atmel/atmel studio 6.0/extensions/atmel/avrgcc/3.4.1.95/avrtoolchain/bin/../lib/gcc/avr/4.6.2/../../../../avr/lib/avr5\libm.a(divsf3x.o)
                                0x51c (size before relaxing)
 .stab          0x00000c24      0x240 c:/program files (x86)/atmel/atmel studio 6.0/extensions/atmel/avrgcc/3.4.1.95/avrtoolchain/bin/../lib/gcc/avr/4.6.2/../../../../avr/lib/avr5\libm.a(fixunssfsi.o)
                                0x24c (size before relaxing)
 .stab          0x00000e64      0x318 c:/program files (x86)/atmel/atmel studio 6.0/extensions/atmel/avrgcc/3.4.1.95/avrtoolchain/bin/../lib/gcc/avr/4.6.2/../../../../avr/lib/avr5\libm.a(floatsisf.o)
                                0x324 (size before relaxing)
 .stab          0x0000117c       0x78 c:/program files (x86)/atmel/atmel studio 6.0/extensions/atmel/avrgcc/3.4.1.95/avrtoolchain/bin/../lib/gcc/avr/4.6.2/../../../../avr/lib/avr5\libm.a(fp_inf.o)
                                 0x84 (size before relaxing)
 .stab          0x000011f4       0x54 c:/program files (x86)/atmel/atmel studio 6.0/extensions/atmel/avrgcc/3.4.1.95/avrtoolchain/bin/../lib/gcc/avr/4.6.2/../../../../avr/lib/avr5\libm.a(fp_nan.o)
                                 0x60 (size before relaxing)
 .stab          0x00001248       0x84 c:/program files (x86)/atmel/atmel studio 6.0/extensions/atmel/avrgcc/3.4.1.95/avrtoolchain/bin/../lib/gcc/avr/4.6.2/../../../../avr/lib/avr5\libm.a(fp_pscA.o)
                                 0x90 (size before relaxing)
 .stab          0x000012cc       0x84 c:/program files (x86)/atmel/atmel studio 6.0/extensions/atmel/avrgcc/3.4.1.95/avrtoolchain/bin/../lib/gcc/avr/4.6.2/../../../../avr/lib/avr5\libm.a(fp_pscB.o)
                                 0x90 (size before relaxing)
 .stab          0x00001350       0xfc c:/program files (x86)/atmel/atmel studio 6.0/extensions/atmel/avrgcc/3.4.1.95/avrtoolchain/bin/../lib/gcc/avr/4.6.2/../../../../avr/lib/avr5\libm.a(fp_round.o)
                                0x108 (size before relaxing)
 .stab          0x0000144c      0x1d4 c:/program files (x86)/atmel/atmel studio 6.0/extensions/atmel/avrgcc/3.4.1.95/avrtoolchain/bin/../lib/gcc/avr/4.6.2/../../../../avr/lib/avr5\libm.a(fp_split3.o)
                                0x1e0 (size before relaxing)
 .stab          0x00001620       0x90 c:/program files (x86)/atmel/atmel studio 6.0/extensions/atmel/avrgcc/3.4.1.95/avrtoolchain/bin/../lib/gcc/avr/4.6.2/../../../../avr/lib/avr5\libm.a(fp_zero.o)
                                 0x9c (size before relaxing)
 .stab          0x000016b0       0x48 c:/program files (x86)/atmel/atmel studio 6.0/extensions/atmel/avrgcc/3.4.1.95/avrtoolchain/bin/../lib/gcc/avr/4.6.2/../../../../avr/lib/avr5\libm.a(mulsf3.o)
                                 0x54 (size before relaxing)
 .stab          0x000016f8      0x4d4 c:/program files (x86)/atmel/atmel studio 6.0/extensions/atmel/avrgcc/3.4.1.95/avrtoolchain/bin/../lib/gcc/avr/4.6.2/../../../../avr/lib/avr5\libm.a(mulsf3x.o)
                                0x4e0 (size before relaxing)
 .stab          0x00001bcc       0x84 c:/program files (x86)/atmel/atmel studio 6.0/extensions/atmel/avrgcc/3.4.1.95/avrtoolchain/bin/../lib/gcc/avr/4.6.2/../../../../avr/lib/avr5\libc.a(memcpy.o)
                                 0x90 (size before relaxing)

.stabstr        0x00000000      0x5e5
 *(.stabstr)
 .stabstr       0x00000000      0x5e5 c:/program files (x86)/atmel/atmel studio 6.0/extensions/atmel/avrgcc/3.4.1.95/avrtoolchain/bin/../lib/gcc/avr/4.6.2/../../../../avr/lib/avr5/crtm32a.o

.stab.excl
 *(.stab.excl)

.stab.exclstr
 *(.stab.exclstr)

.stab.index
 *(.stab.index)

.stab.indexstr
 *(.stab.indexstr)

.comment
 *(.comment)

.debug
 *(.debug)

.line
 *(.line)

.debug_srcinfo
 *(.debug_srcinfo)

.debug_sfnames
 *(.debug_sfnames)

.debug_aranges  0x00000000      0x340
 *(.debug_aranges)
 .debug_aranges
                0x00000000       0x20 AAL/car_sm/car_sm.o
 .debug_aranges
                0x00000020       0x20 AAL/Steering/Steering.o
 .debug_aranges
                0x00000040       0x20 ECUAL/LCD/LCD.o
 .debug_aranges
                0x00000060       0x20 ECUAL/Motor/Motor.o
 .debug_aranges
                0x00000080       0x20 ECUAL/SWdelay/softwareDelay.o
 .debug_aranges
                0x000000a0       0x20 ECUAL/US/US.o
 .debug_aranges
                0x000000c0       0x20 Infrastructure/Intturpts Manger/Interrupts.o
 .debug_aranges
                0x000000e0       0x20 MCAL/DIO/DIO.o
 .debug_aranges
                0x00000100       0x20 MCAL/ICU/ICU.o
 .debug_aranges
                0x00000120       0x20 MCAL/LCD/LCD.o
 .debug_aranges
                0x00000140       0x20 MCAL/PushButtons/pushButton.o
 .debug_aranges
                0x00000160       0x20 MCAL/PWM/PWM.o
 .debug_aranges
                0x00000180       0x20 MCAL/Timer/timer.o
 .debug_aranges
                0x000001a0       0x20 RTOS/event_groups.o
 .debug_aranges
                0x000001c0       0x20 RTOS/heap_1.o
 .debug_aranges
                0x000001e0       0x20 RTOS/list.o
 .debug_aranges
                0x00000200       0x20 RTOS/port.o
 .debug_aranges
                0x00000220       0x20 RTOS/queue.o
 .debug_aranges
                0x00000240       0x20 RTOS/stream_buffer.o
 .debug_aranges
                0x00000260       0x20 RTOS/tasks.o
 .debug_aranges
                0x00000280       0x20 SL/SOS/SOS.o
 .debug_aranges
                0x000002a0       0x20 userStory1.o
 .debug_aranges
                0x000002c0       0x20 c:/program files (x86)/atmel/atmel studio 6.0/extensions/atmel/avrgcc/3.4.1.95/avrtoolchain/bin/../lib/gcc/avr/4.6.2/avr5\libgcc.a(_udivmodsi4.o)
 .debug_aranges
                0x000002e0       0x20 c:/program files (x86)/atmel/atmel studio 6.0/extensions/atmel/avrgcc/3.4.1.95/avrtoolchain/bin/../lib/gcc/avr/4.6.2/avr5\libgcc.a(_exit.o)
 .debug_aranges
                0x00000300       0x20 c:/program files (x86)/atmel/atmel studio 6.0/extensions/atmel/avrgcc/3.4.1.95/avrtoolchain/bin/../lib/gcc/avr/4.6.2/avr5\libgcc.a(_copy_data.o)
 .debug_aranges
                0x00000320       0x20 c:/program files (x86)/atmel/atmel studio 6.0/extensions/atmel/avrgcc/3.4.1.95/avrtoolchain/bin/../lib/gcc/avr/4.6.2/avr5\libgcc.a(_clear_bss.o)

.debug_pubnames
 *(.debug_pubnames)

.debug_info     0x00000000     0x66dc
 *(.debug_info)
 .debug_info    0x00000000       0xd9 AAL/car_sm/car_sm.o
 .debug_info    0x000000d9       0xdd AAL/Steering/Steering.o
 .debug_info    0x000001b6      0x3b1 ECUAL/LCD/LCD.o
 .debug_info    0x00000567      0x32d ECUAL/Motor/Motor.o
 .debug_info    0x00000894       0xe1 ECUAL/Motor/Motor_Config.o
 .debug_info    0x00000975       0xdc ECUAL/SWdelay/softwareDelay.o
 .debug_info    0x00000a51      0x1ec ECUAL/US/US.o
 .debug_info    0x00000c3d       0xbd ECUAL/US/UsConfig.o
 .debug_info    0x00000cfa      0x510 Infrastructure/Intturpts Manger/Interrupts.o
 .debug_info    0x0000120a      0x265 MCAL/DIO/DIO.o
 .debug_info    0x0000146f       0xf3 MCAL/DIO/DIO_config.o
 .debug_info    0x00001562      0x235 MCAL/ICU/ICU.o
 .debug_info    0x00001797       0xaf MCAL/ICU/ICU_Config.o
 .debug_info    0x00001846      0x355 MCAL/LCD/LCD.o
 .debug_info    0x00001b9b      0x118 MCAL/PushButtons/pushButton.o
 .debug_info    0x00001cb3      0x271 MCAL/PWM/PWM.o
 .debug_info    0x00001f24       0xe5 MCAL/PWM/PWM_Config.o
 .debug_info    0x00002009      0x3ef MCAL/Timer/timer.o
 .debug_info    0x000023f8      0x105 MCAL/Timer/Timer_Config.o
 .debug_info    0x000024fd       0x65 RTOS/croutine.o
 .debug_info    0x00002562      0x669 RTOS/event_groups.o
 .debug_info    0x00002bcb      0x151 RTOS/heap_1.o
 .debug_info    0x00002d1c      0x2b2 RTOS/list.o
 .debug_info    0x00002fce      0x1fd RTOS/port.o
 .debug_info    0x000031cb      0xce0 RTOS/queue.o
 .debug_info    0x00003eab      0xbac RTOS/stream_buffer.o
 .debug_info    0x00004a57     0x1069 RTOS/tasks.o
 .debug_info    0x00005ac0       0x65 RTOS/timers.o
 .debug_info    0x00005b25      0x555 SL/SOS/SOS.o
 .debug_info    0x0000607a       0xb4 SL/SOS/SOS_Config.o
 .debug_info    0x0000612e      0x23a userStory1.o
 .debug_info    0x00006368       0xdd c:/program files (x86)/atmel/atmel studio 6.0/extensions/atmel/avrgcc/3.4.1.95/avrtoolchain/bin/../lib/gcc/avr/4.6.2/avr5\libgcc.a(_udivmodsi4.o)
 .debug_info    0x00006445       0xdd c:/program files (x86)/atmel/atmel studio 6.0/extensions/atmel/avrgcc/3.4.1.95/avrtoolchain/bin/../lib/gcc/avr/4.6.2/avr5\libgcc.a(_exit.o)
 .debug_info    0x00006522       0xdd c:/program files (x86)/atmel/atmel studio 6.0/extensions/atmel/avrgcc/3.4.1.95/avrtoolchain/bin/../lib/gcc/avr/4.6.2/avr5\libgcc.a(_copy_data.o)
 .debug_info    0x000065ff       0xdd c:/program files (x86)/atmel/atmel studio 6.0/extensions/atmel/avrgcc/3.4.1.95/avrtoolchain/bin/../lib/gcc/avr/4.6.2/avr5\libgcc.a(_clear_bss.o)
 *(.gnu.linkonce.wi.*)

.debug_abbrev   0x00000000     0x1db2
 *(.debug_abbrev)
 .debug_abbrev  0x00000000       0x6e AAL/car_sm/car_sm.o
 .debug_abbrev  0x0000006e       0x85 AAL/Steering/Steering.o
 .debug_abbrev  0x000000f3      0x1bd ECUAL/LCD/LCD.o
 .debug_abbrev  0x000002b0       0xe2 ECUAL/Motor/Motor.o
 .debug_abbrev  0x00000392       0x75 ECUAL/Motor/Motor_Config.o
 .debug_abbrev  0x00000407       0x81 ECUAL/SWdelay/softwareDelay.o
 .debug_abbrev  0x00000488      0x100 ECUAL/US/US.o
 .debug_abbrev  0x00000588       0x75 ECUAL/US/UsConfig.o
 .debug_abbrev  0x000005fd       0xa1 Infrastructure/Intturpts Manger/Interrupts.o
 .debug_abbrev  0x0000069e       0xe5 MCAL/DIO/DIO.o
 .debug_abbrev  0x00000783       0x75 MCAL/DIO/DIO_config.o
 .debug_abbrev  0x000007f8      0x117 MCAL/ICU/ICU.o
 .debug_abbrev  0x0000090f       0x66 MCAL/ICU/ICU_Config.o
 .debug_abbrev  0x00000975      0x18b MCAL/LCD/LCD.o
 .debug_abbrev  0x00000b00       0x96 MCAL/PushButtons/pushButton.o
 .debug_abbrev  0x00000b96      0x11e MCAL/PWM/PWM.o
 .debug_abbrev  0x00000cb4       0x66 MCAL/PWM/PWM_Config.o
 .debug_abbrev  0x00000d1a      0x151 MCAL/Timer/timer.o
 .debug_abbrev  0x00000e6b       0x76 MCAL/Timer/Timer_Config.o
 .debug_abbrev  0x00000ee1       0x2a RTOS/croutine.o
 .debug_abbrev  0x00000f0b      0x18a RTOS/event_groups.o
 .debug_abbrev  0x00001095       0xf1 RTOS/heap_1.o
 .debug_abbrev  0x00001186       0xf4 RTOS/list.o
 .debug_abbrev  0x0000127a      0x121 RTOS/port.o
 .debug_abbrev  0x0000139b      0x256 RTOS/queue.o
 .debug_abbrev  0x000015f1      0x1c5 RTOS/stream_buffer.o
 .debug_abbrev  0x000017b6      0x288 RTOS/tasks.o
 .debug_abbrev  0x00001a3e       0x2a RTOS/timers.o
 .debug_abbrev  0x00001a68      0x195 SL/SOS/SOS.o
 .debug_abbrev  0x00001bfd       0x6d SL/SOS/SOS_Config.o
 .debug_abbrev  0x00001c6a       0xf8 userStory1.o
 .debug_abbrev  0x00001d62       0x14 c:/program files (x86)/atmel/atmel studio 6.0/extensions/atmel/avrgcc/3.4.1.95/avrtoolchain/bin/../lib/gcc/avr/4.6.2/avr5\libgcc.a(_udivmodsi4.o)
 .debug_abbrev  0x00001d76       0x14 c:/program files (x86)/atmel/atmel studio 6.0/extensions/atmel/avrgcc/3.4.1.95/avrtoolchain/bin/../lib/gcc/avr/4.6.2/avr5\libgcc.a(_exit.o)
 .debug_abbrev  0x00001d8a       0x14 c:/program files (x86)/atmel/atmel studio 6.0/extensions/atmel/avrgcc/3.4.1.95/avrtoolchain/bin/../lib/gcc/avr/4.6.2/avr5\libgcc.a(_copy_data.o)
 .debug_abbrev  0x00001d9e       0x14 c:/program files (x86)/atmel/atmel studio 6.0/extensions/atmel/avrgcc/3.4.1.95/avrtoolchain/bin/../lib/gcc/avr/4.6.2/avr5\libgcc.a(_clear_bss.o)

.debug_line     0x00000000     0x247a
 *(.debug_line)
 .debug_line    0x00000000       0x9d AAL/car_sm/car_sm.o
 .debug_line    0x0000009d       0xb8 AAL/Steering/Steering.o
 .debug_line    0x00000155       0xfe ECUAL/LCD/LCD.o
 .debug_line    0x00000253      0x163 ECUAL/Motor/Motor.o
 .debug_line    0x000003b6       0xab ECUAL/Motor/Motor_Config.o
 .debug_line    0x00000461       0x9d ECUAL/SWdelay/softwareDelay.o
 .debug_line    0x000004fe       0xf5 ECUAL/US/US.o
 .debug_line    0x000005f3       0x9e ECUAL/US/UsConfig.o
 .debug_line    0x00000691      0x108 Infrastructure/Intturpts Manger/Interrupts.o
 .debug_line    0x00000799      0x15c MCAL/DIO/DIO.o
 .debug_line    0x000008f5       0x76 MCAL/DIO/DIO_config.o
 .debug_line    0x0000096b       0xb3 MCAL/ICU/ICU.o
 .debug_line    0x00000a1e       0x76 MCAL/ICU/ICU_Config.o
 .debug_line    0x00000a94       0xf3 MCAL/LCD/LCD.o
 .debug_line    0x00000b87       0xb2 MCAL/PushButtons/pushButton.o
 .debug_line    0x00000c39      0x12c MCAL/PWM/PWM.o
 .debug_line    0x00000d65       0x76 MCAL/PWM/PWM_Config.o
 .debug_line    0x00000ddb      0x29e MCAL/Timer/timer.o
 .debug_line    0x00001079       0x7e MCAL/Timer/Timer_Config.o
 .debug_line    0x000010f7       0x1a RTOS/croutine.o
 .debug_line    0x00001111      0x133 RTOS/event_groups.o
 .debug_line    0x00001244       0xe7 RTOS/heap_1.o
 .debug_line    0x0000132b       0x89 RTOS/list.o
 .debug_line    0x000013b4       0xde RTOS/port.o
 .debug_line    0x00001492      0x3e1 RTOS/queue.o
 .debug_line    0x00001873      0x255 RTOS/stream_buffer.o
 .debug_line    0x00001ac8      0x431 RTOS/tasks.o
 .debug_line    0x00001ef9       0x1a RTOS/timers.o
 .debug_line    0x00001f13      0x1b2 SL/SOS/SOS.o
 .debug_line    0x000020c5       0x72 SL/SOS/SOS_Config.o
 .debug_line    0x00002137       0xf4 userStory1.o
 .debug_line    0x0000222b       0xa8 c:/program files (x86)/atmel/atmel studio 6.0/extensions/atmel/avrgcc/3.4.1.95/avrtoolchain/bin/../lib/gcc/avr/4.6.2/avr5\libgcc.a(_udivmodsi4.o)
 .debug_line    0x000022d3       0x88 c:/program files (x86)/atmel/atmel studio 6.0/extensions/atmel/avrgcc/3.4.1.95/avrtoolchain/bin/../lib/gcc/avr/4.6.2/avr5\libgcc.a(_exit.o)
 .debug_line    0x0000235b       0x91 c:/program files (x86)/atmel/atmel studio 6.0/extensions/atmel/avrgcc/3.4.1.95/avrtoolchain/bin/../lib/gcc/avr/4.6.2/avr5\libgcc.a(_copy_data.o)
 .debug_line    0x000023ec       0x8e c:/program files (x86)/atmel/atmel studio 6.0/extensions/atmel/avrgcc/3.4.1.95/avrtoolchain/bin/../lib/gcc/avr/4.6.2/avr5\libgcc.a(_clear_bss.o)

.debug_frame    0x00000000     0x1c40
 *(.debug_frame)
 .debug_frame   0x00000000       0x34 AAL/car_sm/car_sm.o
 .debug_frame   0x00000034       0x3c AAL/Steering/Steering.o
 .debug_frame   0x00000070      0x164 ECUAL/LCD/LCD.o
 .debug_frame   0x000001d4       0x74 ECUAL/Motor/Motor.o
 .debug_frame   0x00000248       0x34 ECUAL/SWdelay/softwareDelay.o
 .debug_frame   0x0000027c       0x60 ECUAL/US/US.o
 .debug_frame   0x000002dc      0x744 Infrastructure/Intturpts Manger/Interrupts.o
 .debug_frame   0x00000a20       0x74 MCAL/DIO/DIO.o
 .debug_frame   0x00000a94       0x5c MCAL/ICU/ICU.o
 .debug_frame   0x00000af0      0x14c MCAL/LCD/LCD.o
 .debug_frame   0x00000c3c       0x24 MCAL/PushButtons/pushButton.o
 .debug_frame   0x00000c60       0x74 MCAL/PWM/PWM.o
 .debug_frame   0x00000cd4       0x80 MCAL/Timer/timer.o
 .debug_frame   0x00000d54      0x168 RTOS/event_groups.o
 .debug_frame   0x00000ebc       0x60 RTOS/heap_1.o
 .debug_frame   0x00000f1c       0x88 RTOS/list.o
 .debug_frame   0x00000fa4       0x74 RTOS/port.o
 .debug_frame   0x00001018      0x2e8 RTOS/queue.o
 .debug_frame   0x00001300      0x3f4 RTOS/stream_buffer.o
 .debug_frame   0x000016f4      0x3e4 RTOS/tasks.o
 .debug_frame   0x00001ad8       0xc4 SL/SOS/SOS.o
 .debug_frame   0x00001b9c       0xa4 userStory1.o

.debug_str      0x00000000     0x242f
 *(.debug_str)
 .debug_str     0x00000000       0xd4 AAL/car_sm/car_sm.o
                                0x111 (size before relaxing)
 .debug_str     0x000000d4       0x51 AAL/Steering/Steering.o
                                0x11f (size before relaxing)
 .debug_str     0x00000125      0x10f ECUAL/LCD/LCD.o
                                0x1ed (size before relaxing)
 .debug_str     0x00000234       0xfe ECUAL/Motor/Motor.o
                                0x1f8 (size before relaxing)
 .debug_str     0x00000332       0x1e ECUAL/Motor/Motor_Config.o
                                0x11c (size before relaxing)
 .debug_str     0x00000350       0xb2 ECUAL/SWdelay/softwareDelay.o
                                0x136 (size before relaxing)
 .debug_str     0x00000402       0x94 ECUAL/US/US.o
                                0x191 (size before relaxing)
 .debug_str     0x00000496       0x17 ECUAL/US/UsConfig.o
                                0x10a (size before relaxing)
 .debug_str     0x000004ad      0x286 Infrastructure/Intturpts Manger/Interrupts.o
                                0x365 (size before relaxing)
 .debug_str     0x00000733       0x6c MCAL/DIO/DIO.o
                                0x178 (size before relaxing)
 .debug_str     0x0000079f       0x52 MCAL/DIO/DIO_config.o
                                0x147 (size before relaxing)
 .debug_str     0x000007f1       0xc5 MCAL/ICU/ICU.o
                                0x1fc (size before relaxing)
 .debug_str     0x000008b6       0x19 MCAL/ICU/ICU_Config.o
                                0x11a (size before relaxing)
 .debug_str     0x000008cf       0x12 MCAL/LCD/LCD.o
                                0x1c9 (size before relaxing)
 .debug_str     0x000008e1       0xae MCAL/PushButtons/pushButton.o
                                0x17c (size before relaxing)
 .debug_str     0x0000098f       0x87 MCAL/PWM/PWM.o
                                0x1a9 (size before relaxing)
 .debug_str     0x00000a16       0x41 MCAL/PWM/PWM_Config.o
                                0x155 (size before relaxing)
 .debug_str     0x00000a57      0x120 MCAL/Timer/timer.o
                                0x235 (size before relaxing)
 .debug_str     0x00000b77       0x63 MCAL/Timer/Timer_Config.o
                                0x18d (size before relaxing)
 .debug_str     0x00000bda       0x13 RTOS/croutine.o
                                 0xde (size before relaxing)
 .debug_str     0x00000bed      0x328 RTOS/event_groups.o
                                0x434 (size before relaxing)
 .debug_str     0x00000f15       0x93 RTOS/heap_1.o
                                0x15e (size before relaxing)
 .debug_str     0x00000fa8       0x9c RTOS/list.o
                                0x214 (size before relaxing)
 .debug_str     0x00001044       0xff RTOS/port.o
                                0x1ec (size before relaxing)
 .debug_str     0x00001143      0x40b RTOS/queue.o
                                0x5e9 (size before relaxing)
 .debug_str     0x0000154e      0x468 RTOS/stream_buffer.o
                                0x61c (size before relaxing)
 .debug_str     0x000019b6      0x732 RTOS/tasks.o
                                0xa00 (size before relaxing)
 .debug_str     0x000020e8       0x11 RTOS/timers.o
                                 0xdc (size before relaxing)
 .debug_str     0x000020f9      0x221 SL/SOS/SOS.o
                                0x3dc (size before relaxing)
 .debug_str     0x0000231a       0x29 SL/SOS/SOS_Config.o
                                0x125 (size before relaxing)
 .debug_str     0x00002343       0xec userStory1.o
                                0x24f (size before relaxing)

.debug_loc      0x00000000     0x7e3b
 *(.debug_loc)
 .debug_loc     0x00000000      0x119 AAL/Steering/Steering.o
 .debug_loc     0x00000119      0x4fc ECUAL/LCD/LCD.o
 .debug_loc     0x00000615      0x4ce ECUAL/Motor/Motor.o
 .debug_loc     0x00000ae3       0xbd ECUAL/SWdelay/softwareDelay.o
 .debug_loc     0x00000ba0       0xd8 ECUAL/US/US.o
 .debug_loc     0x00000c78      0xfdc Infrastructure/Intturpts Manger/Interrupts.o
 .debug_loc     0x00001c54      0x307 MCAL/DIO/DIO.o
 .debug_loc     0x00001f5b       0xce MCAL/ICU/ICU.o
 .debug_loc     0x00002029      0x4a7 MCAL/LCD/LCD.o
 .debug_loc     0x000024d0       0x34 MCAL/PushButtons/pushButton.o
 .debug_loc     0x00002504      0x3f5 MCAL/PWM/PWM.o
 .debug_loc     0x000028f9      0x495 MCAL/Timer/timer.o
 .debug_loc     0x00002d8e      0xaf6 RTOS/event_groups.o
 .debug_loc     0x00003884       0xb7 RTOS/heap_1.o
 .debug_loc     0x0000393b      0x171 RTOS/list.o
 .debug_loc     0x00003aac      0x28e RTOS/port.o
 .debug_loc     0x00003d3a     0x1191 RTOS/queue.o
 .debug_loc     0x00004ecb     0x1855 RTOS/stream_buffer.o
 .debug_loc     0x00006720     0x148b RTOS/tasks.o
 .debug_loc     0x00007bab      0x177 SL/SOS/SOS.o
 .debug_loc     0x00007d22      0x119 userStory1.o

.debug_macinfo
 *(.debug_macinfo)
OUTPUT(Static design Rebuild.elf elf32-avr)
LOAD linker stubs

.debug_ranges   0x00000000      0x138
 .debug_ranges  0x00000000       0xa8 RTOS/queue.o
 .debug_ranges  0x000000a8       0x90 RTOS/tasks.o
